// Jest Snapshot v1, https://goo.gl/fbAQLP

exports[`should render only results matching initial filter 1`] = `
<div>
  <h1>
    test a
  </h1>
  <p>
    test a was found
  </p>
</div>
`;
